#-----------------------------------------------------------
# Vivado v2018.2 (64-bit)
# SW Build 2258646 on Thu Jun 14 20:02:38 MDT 2018
# IP Build 2256618 on Thu Jun 14 22:10:49 MDT 2018
# Start of session at: Sat Dec  4 16:00:48 2021
# Process ID: 21117
# Current directory: /home/cameron/PhaseArraySpeaker/Firmware/OTHER/Zybo-Z7-10-DMA-2018.2-1/vivado_proj/Zybo-Z7-10-DMA.runs/system_rst_ps7_0_100M_0_synth_1
# Command line: vivado -log system_rst_ps7_0_100M_0.vds -product Vivado -mode batch -messageDb vivado.pb -notrace -source system_rst_ps7_0_100M_0.tcl
# Log file: /home/cameron/PhaseArraySpeaker/Firmware/OTHER/Zybo-Z7-10-DMA-2018.2-1/vivado_proj/Zybo-Z7-10-DMA.runs/system_rst_ps7_0_100M_0_synth_1/system_rst_ps7_0_100M_0.vds
# Journal file: /home/cameron/PhaseArraySpeaker/Firmware/OTHER/Zybo-Z7-10-DMA-2018.2-1/vivado_proj/Zybo-Z7-10-DMA.runs/system_rst_ps7_0_100M_0_synth_1/vivado.jou
#-----------------------------------------------------------
source system_rst_ps7_0_100M_0.tcl -notrace
