19:32:31 **** Incremental Build of configuration Debug for project CODEC_Initializer ****
make pre-build main-build 
a9-linaro-pre-build-step
 
Building file: ../src/main.c
Invoking: ARM v7 gcc compiler
arm-none-eabi-gcc -Wall -O0 -g3 -c -fmessage-length=0 -MT"src/main.o" -mcpu=cortex-a9 -mfpu=vfpv3 -mfloat-abi=hard -I../../CODEC_Initializer_bsp/ps7_cortexa9_0/include -MMD -MP -MF"src/main.d" -MT"src/main.o" -o "src/main.o" "../src/main.c"
In file included from ../src/main.c:72:0:
../../CODEC_Initializer_bsp/ps7_cortexa9_0/include/xtime_l.h:89:9: note: #pragma message: For the sleep routines, Global timer is being used
 #pragma message ("For the sleep routines, Global timer is being used")
         ^~~~~~~
Finished building: ../src/main.c
 
Building target: CODEC_Initializer.elf
Invoking: ARM v7 gcc linker
arm-none-eabi-gcc -mcpu=cortex-a9 -mfpu=vfpv3 -mfloat-abi=hard -Wl,-build-id=none -specs=Xilinx.spec -Wl,-T -Wl,../src/lscript.ld -L../../CODEC_Initializer_bsp/ps7_cortexa9_0/lib -o "CODEC_Initializer.elf"  ./src/intc/intc.o  ./src/iic/iic.o  ./src/audio/audio.o  ./src/main.o ./src/platform.o   -Wl,--start-group,-lxil,-lgcc,-lc,--end-group
Finished building target: CODEC_Initializer.elf
 
Invoking: ARM v7 Print Size
arm-none-eabi-size CODEC_Initializer.elf  |tee "CODEC_Initializer.elf.size"
   text	   data	    bss	    dec	    hex	filename
  35980	   2768	  22728	  61476	   f024	CODEC_Initializer.elf
Finished building: CODEC_Initializer.elf.size
 

19:32:32 Build Finished (took 359ms)

